Archive member included because of file (symbol)

/usr/lib/gcc/avr/4.3.5/avr5/libgcc.a(_mulsi3.o)
                              main.o (__mulsi3)
/usr/lib/gcc/avr/4.3.5/avr5/libgcc.a(_udivmodhi4.o)
                              fat.o (__udivmodhi4)
/usr/lib/gcc/avr/4.3.5/avr5/libgcc.a(_divmodhi4.o)
                              fat.o (__divmodhi4)
/usr/lib/gcc/avr/4.3.5/avr5/libgcc.a(_udivmodsi4.o)
                              fat.o (__udivmodsi4)
/usr/lib/gcc/avr/4.3.5/avr5/libgcc.a(_exit.o)
                              /usr/lib/gcc/avr/4.3.5/../../../avr/lib/avr5/crtm328p.o (exit)
/usr/lib/gcc/avr/4.3.5/avr5/libgcc.a(_copy_data.o)
                              main.o (__do_copy_data)
/usr/lib/gcc/avr/4.3.5/avr5/libgcc.a(_clear_bss.o)
                              main.o (__do_clear_bss)
/usr/lib/gcc/avr/4.3.5/../../../avr/lib/avr5/libc.a(atoi.o)
                              main.o (atoi)
/usr/lib/gcc/avr/4.3.5/../../../avr/lib/avr5/libc.a(strcmp_P.o)
                              main.o (strcmp_P)
/usr/lib/gcc/avr/4.3.5/../../../avr/lib/avr5/libc.a(strncmp_P.o)
                              main.o (strncmp_P)
/usr/lib/gcc/avr/4.3.5/../../../avr/lib/avr5/libc.a(memcpy.o)
                              sd_raw.o (memcpy)
/usr/lib/gcc/avr/4.3.5/../../../avr/lib/avr5/libc.a(memset.o)
                              main.o (memset)
/usr/lib/gcc/avr/4.3.5/../../../avr/lib/avr5/libc.a(strcat.o)
                              main.o (strcat)
/usr/lib/gcc/avr/4.3.5/../../../avr/lib/avr5/libc.a(strchr.o)
                              fat.o (strchr)
/usr/lib/gcc/avr/4.3.5/../../../avr/lib/avr5/libc.a(strcmp.o)
                              main.o (strcmp)
/usr/lib/gcc/avr/4.3.5/../../../avr/lib/avr5/libc.a(strcpy.o)
                              main.o (strcpy)
/usr/lib/gcc/avr/4.3.5/../../../avr/lib/avr5/libc.a(strncmp.o)
                              fat.o (strncmp)
/usr/lib/gcc/avr/4.3.5/../../../avr/lib/avr5/libc.a(strncpy.o)
                              main.o (strncpy)
/usr/lib/gcc/avr/4.3.5/../../../avr/lib/avr5/libc.a(strrchr.o)
                              fat.o (strrchr)
/usr/lib/gcc/avr/4.3.5/../../../avr/lib/avr5/libc.a(mul10.o)
                              /usr/lib/gcc/avr/4.3.5/../../../avr/lib/avr5/libc.a(atoi.o) (__mulhi_const_10)
/usr/lib/gcc/avr/4.3.5/../../../avr/lib/avr5/libc.a(sprintf.o)
                              main.o (sprintf)
/usr/lib/gcc/avr/4.3.5/../../../avr/lib/avr5/libc.a(vfprintf_std.o)
                              /usr/lib/gcc/avr/4.3.5/../../../avr/lib/avr5/libc.a(sprintf.o) (vfprintf)
/usr/lib/gcc/avr/4.3.5/../../../avr/lib/avr5/libc.a(strnlen_P.o)
                              /usr/lib/gcc/avr/4.3.5/../../../avr/lib/avr5/libc.a(vfprintf_std.o) (strnlen_P)
/usr/lib/gcc/avr/4.3.5/../../../avr/lib/avr5/libc.a(strnlen.o)
                              /usr/lib/gcc/avr/4.3.5/../../../avr/lib/avr5/libc.a(vfprintf_std.o) (strnlen)
/usr/lib/gcc/avr/4.3.5/../../../avr/lib/avr5/libc.a(fputc.o)
                              /usr/lib/gcc/avr/4.3.5/../../../avr/lib/avr5/libc.a(vfprintf_std.o) (fputc)
/usr/lib/gcc/avr/4.3.5/../../../avr/lib/avr5/libc.a(ultoa_invert.o)
                              /usr/lib/gcc/avr/4.3.5/../../../avr/lib/avr5/libc.a(vfprintf_std.o) (__ultoa_invert)
/usr/lib/gcc/avr/4.3.5/avr5/libgcc.a(_prologue.o)
                              /usr/lib/gcc/avr/4.3.5/../../../avr/lib/avr5/libc.a(sprintf.o) (__prologue_saves__)
/usr/lib/gcc/avr/4.3.5/avr5/libgcc.a(_epilogue.o)
                              /usr/lib/gcc/avr/4.3.5/../../../avr/lib/avr5/libc.a(sprintf.o) (__epilogue_restores__)

Allocating common symbols
Common symbol       size              file

fs                  0x2               main.o
setting_system_mode
                    0x1               main.o
read_spot           0x2               main.o
setting_max_escape_character
                    0x1               main.o
checked_spot        0x2               main.o
setting_uart_speed  0x1               main.o
partition           0x2               main.o
input_buffer        0x2bc             main.o
dd                  0x2               main.o
setting_escape_character
                    0x1               main.o
general_buffer      0x19              main.o

Memory Configuration

Name             Origin             Length             Attributes
text             0x00000000         0x00020000         xr
data             0x00800060         0x0000ffa0         rw !x
eeprom           0x00810000         0x00010000         rw !x
fuse             0x00820000         0x00000400         rw !x
lock             0x00830000         0x00000400         rw !x
signature        0x00840000         0x00000400         rw !x
*default*        0x00000000         0xffffffff

Linker script and memory map

Address of section .data set to 0x800100
LOAD /usr/lib/gcc/avr/4.3.5/../../../avr/lib/avr5/crtm328p.o
LOAD main.o
LOAD byteordering.o
LOAD partition.o
LOAD sd_raw.o
LOAD fat.o
LOAD uart.o
LOAD /usr/lib/gcc/avr/4.3.5/../../../avr/lib/avr5/libm.a
LOAD /usr/lib/gcc/avr/4.3.5/avr5/libgcc.a
LOAD /usr/lib/gcc/avr/4.3.5/../../../avr/lib/avr5/libc.a
LOAD /usr/lib/gcc/avr/4.3.5/avr5/libgcc.a

.hash
 *(.hash)

.dynsym
 *(.dynsym)

.dynstr
 *(.dynstr)

.gnu.version
 *(.gnu.version)

.gnu.version_d
 *(.gnu.version_d)

.gnu.version_r
 *(.gnu.version_r)

.rel.init
 *(.rel.init)

.rela.init
 *(.rela.init)

.rel.text
 *(.rel.text)
 *(.rel.text.*)
 *(.rel.gnu.linkonce.t*)

.rela.text
 *(.rela.text)
 *(.rela.text.*)
 *(.rela.gnu.linkonce.t*)

.rel.fini
 *(.rel.fini)

.rela.fini
 *(.rela.fini)

.rel.rodata
 *(.rel.rodata)
 *(.rel.rodata.*)
 *(.rel.gnu.linkonce.r*)

.rela.rodata
 *(.rela.rodata)
 *(.rela.rodata.*)
 *(.rela.gnu.linkonce.r*)

.rel.data
 *(.rel.data)
 *(.rel.data.*)
 *(.rel.gnu.linkonce.d*)

.rela.data
 *(.rela.data)
 *(.rela.data.*)
 *(.rela.gnu.linkonce.d*)

.rel.ctors
 *(.rel.ctors)

.rela.ctors
 *(.rela.ctors)

.rel.dtors
 *(.rel.dtors)

.rela.dtors
 *(.rela.dtors)

.rel.got
 *(.rel.got)

.rela.got
 *(.rela.got)

.rel.bss
 *(.rel.bss)

.rela.bss
 *(.rela.bss)

.rel.plt
 *(.rel.plt)

.rela.plt
 *(.rela.plt)

.text           0x00000000     0x6058
 *(.vectors)
 .vectors       0x00000000       0x68 /usr/lib/gcc/avr/4.3.5/../../../avr/lib/avr5/crtm328p.o
                0x00000000                __vectors
                0x00000000                __vector_default
 *(.vectors)
 *(.progmem.gcc*)
 *(.progmem*)
 .progmem.data  0x00000068      0xb76 main.o
                0x00000bde                . = ALIGN (0x2)
                0x00000bde                __trampolines_start = .
 *(.trampolines)
 .trampolines   0x00000bde        0x0 linker stubs
 *(.trampolines*)
                0x00000bde                __trampolines_end = .
 *(.jumptables)
 *(.jumptables*)
 *(.lowtext)
 *(.lowtext*)
                0x00000bde                __ctors_start = .
 *(.ctors)
                0x00000bde                __ctors_end = .
                0x00000bde                __dtors_start = .
 *(.dtors)
                0x00000bde                __dtors_end = .
 SORT(*)(.ctors)
 SORT(*)(.dtors)
 *(.init0)
 .init0         0x00000bde        0x0 /usr/lib/gcc/avr/4.3.5/../../../avr/lib/avr5/crtm328p.o
                0x00000bde                __init
 *(.init0)
 *(.init1)
 *(.init1)
 *(.init2)
 .init2         0x00000bde        0xc /usr/lib/gcc/avr/4.3.5/../../../avr/lib/avr5/crtm328p.o
 *(.init2)
 *(.init3)
 *(.init3)
 *(.init4)
 .init4         0x00000bea       0x16 /usr/lib/gcc/avr/4.3.5/avr5/libgcc.a(_copy_data.o)
                0x00000bea                __do_copy_data
 .init4         0x00000c00       0x10 /usr/lib/gcc/avr/4.3.5/avr5/libgcc.a(_clear_bss.o)
                0x00000c00                __do_clear_bss
 *(.init4)
 *(.init5)
 *(.init5)
 *(.init6)
 *(.init6)
 *(.init7)
 *(.init7)
 *(.init8)
 *(.init8)
 *(.init9)
 .init9         0x00000c10        0x8 /usr/lib/gcc/avr/4.3.5/../../../avr/lib/avr5/crtm328p.o
 *(.init9)
 *(.text)
 .text          0x00000c18        0x4 /usr/lib/gcc/avr/4.3.5/../../../avr/lib/avr5/crtm328p.o
                0x00000c18                __vector_22
                0x00000c18                __vector_1
                0x00000c18                __vector_24
                0x00000c18                __vector_12
                0x00000c18                __bad_interrupt
                0x00000c18                __vector_6
                0x00000c18                __vector_3
                0x00000c18                __vector_23
                0x00000c18                __vector_25
                0x00000c18                __vector_11
                0x00000c18                __vector_13
                0x00000c18                __vector_17
                0x00000c18                __vector_19
                0x00000c18                __vector_7
                0x00000c18                __vector_5
                0x00000c18                __vector_4
                0x00000c18                __vector_9
                0x00000c18                __vector_2
                0x00000c18                __vector_21
                0x00000c18                __vector_15
                0x00000c18                __vector_8
                0x00000c18                __vector_14
                0x00000c18                __vector_10
                0x00000c18                __vector_16
                0x00000c18                __vector_20
 .text          0x00000c1c     0x1f52 main.o
                0x00000c1c                __vector_18
                0x00000c86                EEPROM_write
                0x00000c96                set_default_settings
                0x00000cc0                EEPROM_read
                0x00000cce                read_system_settings
                0x00000d52                delay_us
                0x00000d80                delay_ms
                0x00000d9c                blink_error
                0x00000dd8                check_emergency_reset
                0x00000e20                count_cmd_args
                0x00000e42                add_cmd_arg
                0x00000e72                is_number
                0x00000ea0                wildcmp
                0x00000f1a                print_menu
                0x00000fb4                too_many_arguments_error
                0x00000ffe                split_cmd_line_args
                0x00001078                get_cmd_arg
                0x0000116c                read_buffer
                0x000011fe                init_media
                0x0000137a                append_file
                0x000016be                newlog
                0x0000183a                seqlog
                0x000018d4                record_config_file
                0x00001b6a                system_menu
                0x00001da4                baud_menu
                0x00001f6c                command_shell
                0x00002880                read_config_file
                0x00002ad0                ioinit
                0x00002b48                main
 .text          0x00002b6e        0x0 byteordering.o
 .text          0x00002b6e      0x1c8 partition.o
                0x00002b6e                partition_close
                0x00002b7e                partition_open
 .text          0x00002d36      0x92c sd_raw.o
                0x00002d36                sd_raw_available
                0x00002d3a                sd_raw_locked
                0x00002e04                sd_raw_get_info
                0x0000303e                sd_raw_write
                0x000031ea                sd_raw_sync
                0x0000321e                sd_raw_read
                0x0000339a                sd_raw_read_interval
                0x0000347a                sd_raw_init
                0x000035ac                sd_raw_write_interval
 .text          0x00003662     0x1f90 fat.o
                0x00003662                fat_close
                0x00003978                fat_close_file
                0x00003984                fat_read_file
                0x00003c18                fat_close_dir
                0x00003c24                fat_reset_dir
                0x00003e3a                fat_delete_file
                0x00003f3e                fat_get_fs_size
                0x00003f7c                fat_get_fs_free
                0x000040e4                fat_clear_handles
                0x000041c4                fat_read_dir
                0x0000439a                fat_open
                0x00004bb0                fat_create_dir
                0x00004d2e                fat_create_file
                0x00004df6                fat_resize_file
                0x00005038                fat_seek_file
                0x000050f0                fat_write_file
                0x000053ea                fat_open_dir
                0x00005464                fat_open_file
                0x000054d0                fat_get_dir_entry_of_path
 .text          0x000055f2      0x2ac uart.o
                0x000055f2                uart_init
                0x00005646                uart_putc
                0x00005664                uart_putc_hex
                0x0000569c                uart_putw_hex
                0x000056b0                uart_putdw_hex
                0x000056d6                uart_putw_dec
                0x00005752                uart_putdw_dec
                0x00005824                uart_puts
                0x0000583e                uart_puts_p
                0x0000585a                uart_getc
 .text          0x0000589e        0x0 /usr/lib/gcc/avr/4.3.5/avr5/libgcc.a(_mulsi3.o)
 .text          0x0000589e        0x0 /usr/lib/gcc/avr/4.3.5/avr5/libgcc.a(_udivmodhi4.o)
 .text          0x0000589e        0x0 /usr/lib/gcc/avr/4.3.5/avr5/libgcc.a(_divmodhi4.o)
 .text          0x0000589e        0x0 /usr/lib/gcc/avr/4.3.5/avr5/libgcc.a(_udivmodsi4.o)
 .text          0x0000589e        0x0 /usr/lib/gcc/avr/4.3.5/avr5/libgcc.a(_exit.o)
 .text          0x0000589e        0x0 /usr/lib/gcc/avr/4.3.5/avr5/libgcc.a(_copy_data.o)
 .text          0x0000589e        0x0 /usr/lib/gcc/avr/4.3.5/avr5/libgcc.a(_clear_bss.o)
 .text          0x0000589e        0x0 /usr/lib/gcc/avr/4.3.5/../../../avr/lib/avr5/libc.a(atoi.o)
 .text          0x0000589e        0x0 /usr/lib/gcc/avr/4.3.5/../../../avr/lib/avr5/libc.a(strcmp_P.o)
 .text          0x0000589e        0x0 /usr/lib/gcc/avr/4.3.5/../../../avr/lib/avr5/libc.a(strncmp_P.o)
 .text          0x0000589e        0x0 /usr/lib/gcc/avr/4.3.5/../../../avr/lib/avr5/libc.a(memcpy.o)
 .text          0x0000589e        0x0 /usr/lib/gcc/avr/4.3.5/../../../avr/lib/avr5/libc.a(memset.o)
 .text          0x0000589e        0x0 /usr/lib/gcc/avr/4.3.5/../../../avr/lib/avr5/libc.a(strcat.o)
 .text          0x0000589e        0x0 /usr/lib/gcc/avr/4.3.5/../../../avr/lib/avr5/libc.a(strchr.o)
 .text          0x0000589e        0x0 /usr/lib/gcc/avr/4.3.5/../../../avr/lib/avr5/libc.a(strcmp.o)
 .text          0x0000589e        0x0 /usr/lib/gcc/avr/4.3.5/../../../avr/lib/avr5/libc.a(strcpy.o)
 .text          0x0000589e        0x0 /usr/lib/gcc/avr/4.3.5/../../../avr/lib/avr5/libc.a(strncmp.o)
 .text          0x0000589e        0x0 /usr/lib/gcc/avr/4.3.5/../../../avr/lib/avr5/libc.a(strncpy.o)
 .text          0x0000589e        0x0 /usr/lib/gcc/avr/4.3.5/../../../avr/lib/avr5/libc.a(strrchr.o)
 .text          0x0000589e        0x0 /usr/lib/gcc/avr/4.3.5/../../../avr/lib/avr5/libc.a(mul10.o)
 .text          0x0000589e        0x0 /usr/lib/gcc/avr/4.3.5/../../../avr/lib/avr5/libc.a(sprintf.o)
 .text          0x0000589e        0x0 /usr/lib/gcc/avr/4.3.5/../../../avr/lib/avr5/libc.a(vfprintf_std.o)
 .text          0x0000589e        0x0 /usr/lib/gcc/avr/4.3.5/../../../avr/lib/avr5/libc.a(strnlen_P.o)
 .text          0x0000589e        0x0 /usr/lib/gcc/avr/4.3.5/../../../avr/lib/avr5/libc.a(strnlen.o)
 .text          0x0000589e        0x0 /usr/lib/gcc/avr/4.3.5/../../../avr/lib/avr5/libc.a(fputc.o)
 .text          0x0000589e        0x0 /usr/lib/gcc/avr/4.3.5/../../../avr/lib/avr5/libc.a(ultoa_invert.o)
 .text          0x0000589e        0x0 /usr/lib/gcc/avr/4.3.5/avr5/libgcc.a(_prologue.o)
 .text          0x0000589e        0x0 /usr/lib/gcc/avr/4.3.5/avr5/libgcc.a(_epilogue.o)
                0x0000589e                . = ALIGN (0x2)
 *(.text.*)
 .text.libgcc   0x0000589e       0x3e /usr/lib/gcc/avr/4.3.5/avr5/libgcc.a(_mulsi3.o)
                0x0000589e                __mulsi3
 .text.libgcc   0x000058dc       0x28 /usr/lib/gcc/avr/4.3.5/avr5/libgcc.a(_udivmodhi4.o)
                0x000058dc                __udivmodhi4
 .text.libgcc   0x00005904       0x26 /usr/lib/gcc/avr/4.3.5/avr5/libgcc.a(_divmodhi4.o)
                0x00005904                __divmodhi4
                0x00005904                _div
 .text.libgcc   0x0000592a       0x44 /usr/lib/gcc/avr/4.3.5/avr5/libgcc.a(_udivmodsi4.o)
                0x0000592a                __udivmodsi4
 .text.libgcc   0x0000596e        0x0 /usr/lib/gcc/avr/4.3.5/avr5/libgcc.a(_exit.o)
 .text.libgcc   0x0000596e        0x0 /usr/lib/gcc/avr/4.3.5/avr5/libgcc.a(_copy_data.o)
 .text.libgcc   0x0000596e        0x0 /usr/lib/gcc/avr/4.3.5/avr5/libgcc.a(_clear_bss.o)
 .text.avr-libc
                0x0000596e       0x3c /usr/lib/gcc/avr/4.3.5/../../../avr/lib/avr5/libc.a(atoi.o)
                0x0000596e                atoi
 .text.avr-libc
                0x000059aa       0x12 /usr/lib/gcc/avr/4.3.5/../../../avr/lib/avr5/libc.a(strcmp_P.o)
                0x000059aa                strcmp_P
 .text.avr-libc
                0x000059bc       0x1c /usr/lib/gcc/avr/4.3.5/../../../avr/lib/avr5/libc.a(strncmp_P.o)
                0x000059bc                strncmp_P
 .text.avr-libc
                0x000059d8       0x12 /usr/lib/gcc/avr/4.3.5/../../../avr/lib/avr5/libc.a(memcpy.o)
                0x000059d8                memcpy
 .text.avr-libc
                0x000059ea        0xe /usr/lib/gcc/avr/4.3.5/../../../avr/lib/avr5/libc.a(memset.o)
                0x000059ea                memset
 .text.avr-libc
                0x000059f8       0x16 /usr/lib/gcc/avr/4.3.5/../../../avr/lib/avr5/libc.a(strcat.o)
                0x000059f8                strcat
 .text.avr-libc
                0x00005a0e       0x16 /usr/lib/gcc/avr/4.3.5/../../../avr/lib/avr5/libc.a(strchr.o)
                0x00005a0e                strchr
 .text.avr-libc
                0x00005a24       0x12 /usr/lib/gcc/avr/4.3.5/../../../avr/lib/avr5/libc.a(strcmp.o)
                0x00005a24                strcmp
 .text.avr-libc
                0x00005a36        0xe /usr/lib/gcc/avr/4.3.5/../../../avr/lib/avr5/libc.a(strcpy.o)
                0x00005a36                strcpy
 .text.avr-libc
                0x00005a44       0x1c /usr/lib/gcc/avr/4.3.5/../../../avr/lib/avr5/libc.a(strncmp.o)
                0x00005a44                strncmp
 .text.avr-libc
                0x00005a60       0x1e /usr/lib/gcc/avr/4.3.5/../../../avr/lib/avr5/libc.a(strncpy.o)
                0x00005a60                strncpy
 .text.avr-libc
                0x00005a7e       0x16 /usr/lib/gcc/avr/4.3.5/../../../avr/lib/avr5/libc.a(strrchr.o)
                0x00005a7e                strrchr
 .text.avr-libc
                0x00005a94       0x10 /usr/lib/gcc/avr/4.3.5/../../../avr/lib/avr5/libc.a(mul10.o)
                0x00005a94                __mulhi_const_10
 .text.avr-libc
                0x00005aa4       0x48 /usr/lib/gcc/avr/4.3.5/../../../avr/lib/avr5/libc.a(sprintf.o)
                0x00005aa4                sprintf
 .text.avr-libc
                0x00005aec      0x3ba /usr/lib/gcc/avr/4.3.5/../../../avr/lib/avr5/libc.a(vfprintf_std.o)
                0x00005aec                vfprintf
 .text.avr-libc
                0x00005ea6       0x16 /usr/lib/gcc/avr/4.3.5/../../../avr/lib/avr5/libc.a(strnlen_P.o)
                0x00005ea6                strnlen_P
 .text.avr-libc
                0x00005ebc       0x16 /usr/lib/gcc/avr/4.3.5/../../../avr/lib/avr5/libc.a(strnlen.o)
                0x00005ebc                strnlen
 .text.avr-libc
                0x00005ed2       0x58 /usr/lib/gcc/avr/4.3.5/../../../avr/lib/avr5/libc.a(fputc.o)
                0x00005ed2                fputc
 .text.avr-libc
                0x00005f2a       0xbc /usr/lib/gcc/avr/4.3.5/../../../avr/lib/avr5/libc.a(ultoa_invert.o)
                0x00005f2a                __ultoa_invert
 .text.libgcc   0x00005fe6       0x38 /usr/lib/gcc/avr/4.3.5/avr5/libgcc.a(_prologue.o)
                0x00005fe6                __prologue_saves__
 .text.libgcc   0x0000601e       0x36 /usr/lib/gcc/avr/4.3.5/avr5/libgcc.a(_epilogue.o)
                0x0000601e                __epilogue_restores__
                0x00006054                . = ALIGN (0x2)
 *(.fini9)
 .fini9         0x00006054        0x0 /usr/lib/gcc/avr/4.3.5/avr5/libgcc.a(_exit.o)
                0x00006054                exit
                0x00006054                _exit
 *(.fini9)
 *(.fini8)
 *(.fini8)
 *(.fini7)
 *(.fini7)
 *(.fini6)
 *(.fini6)
 *(.fini5)
 *(.fini5)
 *(.fini4)
 *(.fini4)
 *(.fini3)
 *(.fini3)
 *(.fini2)
 *(.fini2)
 *(.fini1)
 *(.fini1)
 *(.fini0)
 .fini0         0x00006054        0x4 /usr/lib/gcc/avr/4.3.5/avr5/libgcc.a(_exit.o)
 *(.fini0)
                0x00006058                _etext = .

.data           0x00800100       0xae load address 0x00006058
                0x00800100                PROVIDE (__data_start, .)
 *(.data)
 .data          0x00800100        0x0 /usr/lib/gcc/avr/4.3.5/../../../avr/lib/avr5/crtm328p.o
 .data          0x00800100       0xa1 main.o
 .data          0x008001a1        0x0 byteordering.o
 .data          0x008001a1        0x0 partition.o
 .data          0x008001a1        0x0 sd_raw.o
 .data          0x008001a1        0xd fat.o
 .data          0x008001ae        0x0 uart.o
 .data          0x008001ae        0x0 /usr/lib/gcc/avr/4.3.5/avr5/libgcc.a(_mulsi3.o)
 .data          0x008001ae        0x0 /usr/lib/gcc/avr/4.3.5/avr5/libgcc.a(_udivmodhi4.o)
 .data          0x008001ae        0x0 /usr/lib/gcc/avr/4.3.5/avr5/libgcc.a(_divmodhi4.o)
 .data          0x008001ae        0x0 /usr/lib/gcc/avr/4.3.5/avr5/libgcc.a(_udivmodsi4.o)
 .data          0x008001ae        0x0 /usr/lib/gcc/avr/4.3.5/avr5/libgcc.a(_exit.o)
 .data          0x008001ae        0x0 /usr/lib/gcc/avr/4.3.5/avr5/libgcc.a(_copy_data.o)
 .data          0x008001ae        0x0 /usr/lib/gcc/avr/4.3.5/avr5/libgcc.a(_clear_bss.o)
 .data          0x008001ae        0x0 /usr/lib/gcc/avr/4.3.5/../../../avr/lib/avr5/libc.a(atoi.o)
 .data          0x008001ae        0x0 /usr/lib/gcc/avr/4.3.5/../../../avr/lib/avr5/libc.a(strcmp_P.o)
 .data          0x008001ae        0x0 /usr/lib/gcc/avr/4.3.5/../../../avr/lib/avr5/libc.a(strncmp_P.o)
 .data          0x008001ae        0x0 /usr/lib/gcc/avr/4.3.5/../../../avr/lib/avr5/libc.a(memcpy.o)
 .data          0x008001ae        0x0 /usr/lib/gcc/avr/4.3.5/../../../avr/lib/avr5/libc.a(memset.o)
 .data          0x008001ae        0x0 /usr/lib/gcc/avr/4.3.5/../../../avr/lib/avr5/libc.a(strcat.o)
 .data          0x008001ae        0x0 /usr/lib/gcc/avr/4.3.5/../../../avr/lib/avr5/libc.a(strchr.o)
 .data          0x008001ae        0x0 /usr/lib/gcc/avr/4.3.5/../../../avr/lib/avr5/libc.a(strcmp.o)
 .data          0x008001ae        0x0 /usr/lib/gcc/avr/4.3.5/../../../avr/lib/avr5/libc.a(strcpy.o)
 .data          0x008001ae        0x0 /usr/lib/gcc/avr/4.3.5/../../../avr/lib/avr5/libc.a(strncmp.o)
 .data          0x008001ae        0x0 /usr/lib/gcc/avr/4.3.5/../../../avr/lib/avr5/libc.a(strncpy.o)
 .data          0x008001ae        0x0 /usr/lib/gcc/avr/4.3.5/../../../avr/lib/avr5/libc.a(strrchr.o)
 .data          0x008001ae        0x0 /usr/lib/gcc/avr/4.3.5/../../../avr/lib/avr5/libc.a(mul10.o)
 .data          0x008001ae        0x0 /usr/lib/gcc/avr/4.3.5/../../../avr/lib/avr5/libc.a(sprintf.o)
 .data          0x008001ae        0x0 /usr/lib/gcc/avr/4.3.5/../../../avr/lib/avr5/libc.a(vfprintf_std.o)
 .data          0x008001ae        0x0 /usr/lib/gcc/avr/4.3.5/../../../avr/lib/avr5/libc.a(strnlen_P.o)
 .data          0x008001ae        0x0 /usr/lib/gcc/avr/4.3.5/../../../avr/lib/avr5/libc.a(strnlen.o)
 .data          0x008001ae        0x0 /usr/lib/gcc/avr/4.3.5/../../../avr/lib/avr5/libc.a(fputc.o)
 .data          0x008001ae        0x0 /usr/lib/gcc/avr/4.3.5/../../../avr/lib/avr5/libc.a(ultoa_invert.o)
 .data          0x008001ae        0x0 /usr/lib/gcc/avr/4.3.5/avr5/libgcc.a(_prologue.o)
 .data          0x008001ae        0x0 /usr/lib/gcc/avr/4.3.5/avr5/libgcc.a(_epilogue.o)
 *(.data*)
 *(.rodata)
 *(.rodata*)
 *(.gnu.linkonce.d*)
                0x008001ae                . = ALIGN (0x2)
                0x008001ae                _edata = .
                0x008001ae                PROVIDE (__data_end, .)

.bss            0x008001ae      0x5b5
                0x008001ae                PROVIDE (__bss_start, .)
 *(.bss)
 .bss           0x008001ae        0x0 /usr/lib/gcc/avr/4.3.5/../../../avr/lib/avr5/crtm328p.o
 .bss           0x008001ae        0xc main.o
 .bss           0x008001ba        0x0 byteordering.o
 .bss           0x008001ba       0x11 partition.o
 .bss           0x008001cb      0x206 sd_raw.o
 .bss           0x008003d1       0xaf fat.o
 .bss           0x00800480        0x0 uart.o
 .bss           0x00800480        0x0 /usr/lib/gcc/avr/4.3.5/avr5/libgcc.a(_mulsi3.o)
 .bss           0x00800480        0x0 /usr/lib/gcc/avr/4.3.5/avr5/libgcc.a(_udivmodhi4.o)
 .bss           0x00800480        0x0 /usr/lib/gcc/avr/4.3.5/avr5/libgcc.a(_divmodhi4.o)
 .bss           0x00800480        0x0 /usr/lib/gcc/avr/4.3.5/avr5/libgcc.a(_udivmodsi4.o)
 .bss           0x00800480        0x0 /usr/lib/gcc/avr/4.3.5/avr5/libgcc.a(_exit.o)
 .bss           0x00800480        0x0 /usr/lib/gcc/avr/4.3.5/avr5/libgcc.a(_copy_data.o)
 .bss           0x00800480        0x0 /usr/lib/gcc/avr/4.3.5/avr5/libgcc.a(_clear_bss.o)
 .bss           0x00800480        0x0 /usr/lib/gcc/avr/4.3.5/../../../avr/lib/avr5/libc.a(atoi.o)
 .bss           0x00800480        0x0 /usr/lib/gcc/avr/4.3.5/../../../avr/lib/avr5/libc.a(strcmp_P.o)
 .bss           0x00800480        0x0 /usr/lib/gcc/avr/4.3.5/../../../avr/lib/avr5/libc.a(strncmp_P.o)
 .bss           0x00800480        0x0 /usr/lib/gcc/avr/4.3.5/../../../avr/lib/avr5/libc.a(memcpy.o)
 .bss           0x00800480        0x0 /usr/lib/gcc/avr/4.3.5/../../../avr/lib/avr5/libc.a(memset.o)
 .bss           0x00800480        0x0 /usr/lib/gcc/avr/4.3.5/../../../avr/lib/avr5/libc.a(strcat.o)
 .bss           0x00800480        0x0 /usr/lib/gcc/avr/4.3.5/../../../avr/lib/avr5/libc.a(strchr.o)
 .bss           0x00800480        0x0 /usr/lib/gcc/avr/4.3.5/../../../avr/lib/avr5/libc.a(strcmp.o)
 .bss           0x00800480        0x0 /usr/lib/gcc/avr/4.3.5/../../../avr/lib/avr5/libc.a(strcpy.o)
 .bss           0x00800480        0x0 /usr/lib/gcc/avr/4.3.5/../../../avr/lib/avr5/libc.a(strncmp.o)
 .bss           0x00800480        0x0 /usr/lib/gcc/avr/4.3.5/../../../avr/lib/avr5/libc.a(strncpy.o)
 .bss           0x00800480        0x0 /usr/lib/gcc/avr/4.3.5/../../../avr/lib/avr5/libc.a(strrchr.o)
 .bss           0x00800480        0x0 /usr/lib/gcc/avr/4.3.5/../../../avr/lib/avr5/libc.a(mul10.o)
 .bss           0x00800480        0x0 /usr/lib/gcc/avr/4.3.5/../../../avr/lib/avr5/libc.a(sprintf.o)
 .bss           0x00800480        0x0 /usr/lib/gcc/avr/4.3.5/../../../avr/lib/avr5/libc.a(vfprintf_std.o)
 .bss           0x00800480        0x0 /usr/lib/gcc/avr/4.3.5/../../../avr/lib/avr5/libc.a(strnlen_P.o)
 .bss           0x00800480        0x0 /usr/lib/gcc/avr/4.3.5/../../../avr/lib/avr5/libc.a(strnlen.o)
 .bss           0x00800480        0x0 /usr/lib/gcc/avr/4.3.5/../../../avr/lib/avr5/libc.a(fputc.o)
 .bss           0x00800480        0x0 /usr/lib/gcc/avr/4.3.5/../../../avr/lib/avr5/libc.a(ultoa_invert.o)
 .bss           0x00800480        0x0 /usr/lib/gcc/avr/4.3.5/avr5/libgcc.a(_prologue.o)
 .bss           0x00800480        0x0 /usr/lib/gcc/avr/4.3.5/avr5/libgcc.a(_epilogue.o)
 *(.bss*)
 *(COMMON)
 COMMON         0x00800480      0x2e3 main.o
                0x00800480                fs
                0x00800482                setting_system_mode
                0x00800483                read_spot
                0x00800485                setting_max_escape_character
                0x00800486                checked_spot
                0x00800488                setting_uart_speed
                0x00800489                partition
                0x0080048b                input_buffer
                0x00800747                dd
                0x00800749                setting_escape_character
                0x0080074a                general_buffer
                0x00800763                PROVIDE (__bss_end, .)
                0x00006058                __data_load_start = LOADADDR (.data)
                0x00006106                __data_load_end = (__data_load_start + SIZEOF (.data))

.noinit         0x00800763        0x0
                0x00800763                PROVIDE (__noinit_start, .)
 *(.noinit*)
                0x00800763                PROVIDE (__noinit_end, .)
                0x00800763                _end = .
                0x00800763                PROVIDE (__heap_start, .)

.eeprom         0x00810000        0x0
 *(.eeprom*)
                0x00810000                __eeprom_end = .

.fuse
 *(.fuse)
 *(.lfuse)
 *(.hfuse)
 *(.efuse)

.lock
 *(.lock*)

.signature
 *(.signature*)

.stab           0x00000000     0x23f4
 *(.stab)
 .stab          0x00000000      0x6b4 /usr/lib/gcc/avr/4.3.5/../../../avr/lib/avr5/crtm328p.o
 .stab          0x000006b4      0x174 /usr/lib/gcc/avr/4.3.5/../../../avr/lib/avr5/libc.a(atoi.o)
                                0x180 (size before relaxing)
 .stab          0x00000828       0x84 /usr/lib/gcc/avr/4.3.5/../../../avr/lib/avr5/libc.a(strcmp_P.o)
                                 0x90 (size before relaxing)
 .stab          0x000008ac       0xc0 /usr/lib/gcc/avr/4.3.5/../../../avr/lib/avr5/libc.a(strncmp_P.o)
                                 0xcc (size before relaxing)
 .stab          0x0000096c       0x84 /usr/lib/gcc/avr/4.3.5/../../../avr/lib/avr5/libc.a(memcpy.o)
                                 0x90 (size before relaxing)
 .stab          0x000009f0       0x6c /usr/lib/gcc/avr/4.3.5/../../../avr/lib/avr5/libc.a(memset.o)
                                 0x78 (size before relaxing)
 .stab          0x00000a5c       0x9c /usr/lib/gcc/avr/4.3.5/../../../avr/lib/avr5/libc.a(strcat.o)
                                 0xa8 (size before relaxing)
 .stab          0x00000af8       0x9c /usr/lib/gcc/avr/4.3.5/../../../avr/lib/avr5/libc.a(strchr.o)
                                 0xa8 (size before relaxing)
 .stab          0x00000b94       0x84 /usr/lib/gcc/avr/4.3.5/../../../avr/lib/avr5/libc.a(strcmp.o)
                                 0x90 (size before relaxing)
 .stab          0x00000c18       0x6c /usr/lib/gcc/avr/4.3.5/../../../avr/lib/avr5/libc.a(strcpy.o)
                                 0x78 (size before relaxing)
 .stab          0x00000c84       0xc0 /usr/lib/gcc/avr/4.3.5/../../../avr/lib/avr5/libc.a(strncmp.o)
                                 0xcc (size before relaxing)
 .stab          0x00000d44       0xcc /usr/lib/gcc/avr/4.3.5/../../../avr/lib/avr5/libc.a(strncpy.o)
                                 0xd8 (size before relaxing)
 .stab          0x00000e10       0x9c /usr/lib/gcc/avr/4.3.5/../../../avr/lib/avr5/libc.a(strrchr.o)
                                 0xa8 (size before relaxing)
 .stab          0x00000eac       0x78 /usr/lib/gcc/avr/4.3.5/../../../avr/lib/avr5/libc.a(mul10.o)
                                 0x84 (size before relaxing)
 .stab          0x00000f24      0x3cc /usr/lib/gcc/avr/4.3.5/../../../avr/lib/avr5/libc.a(sprintf.o)
                                0x3d8 (size before relaxing)
 .stab          0x000012f0      0x978 /usr/lib/gcc/avr/4.3.5/../../../avr/lib/avr5/libc.a(vfprintf_std.o)
                                0xb58 (size before relaxing)
 .stab          0x00001c68       0x9c /usr/lib/gcc/avr/4.3.5/../../../avr/lib/avr5/libc.a(strnlen_P.o)
                                 0xa8 (size before relaxing)
 .stab          0x00001d04       0x9c /usr/lib/gcc/avr/4.3.5/../../../avr/lib/avr5/libc.a(strnlen.o)
                                 0xa8 (size before relaxing)
 .stab          0x00001da0      0x1d4 /usr/lib/gcc/avr/4.3.5/../../../avr/lib/avr5/libc.a(fputc.o)
                                0x3b4 (size before relaxing)
 .stab          0x00001f74      0x480 /usr/lib/gcc/avr/4.3.5/../../../avr/lib/avr5/libc.a(ultoa_invert.o)
                                0x48c (size before relaxing)

.stabstr        0x00000000      0xefb
 *(.stabstr)
 .stabstr       0x00000000      0xefb /usr/lib/gcc/avr/4.3.5/../../../avr/lib/avr5/crtm328p.o

.stab.excl
 *(.stab.excl)

.stab.exclstr
 *(.stab.exclstr)

.stab.index
 *(.stab.index)

.stab.indexstr
 *(.stab.indexstr)

.comment
 *(.comment)

.debug
 *(.debug)

.line
 *(.line)

.debug_srcinfo
 *(.debug_srcinfo)

.debug_sfnames
 *(.debug_sfnames)

.debug_aranges  0x00000000       0xa0
 *(.debug_aranges)
 .debug_aranges
                0x00000000       0x20 main.o
 .debug_aranges
                0x00000020       0x20 partition.o
 .debug_aranges
                0x00000040       0x20 sd_raw.o
 .debug_aranges
                0x00000060       0x20 fat.o
 .debug_aranges
                0x00000080       0x20 uart.o

.debug_pubnames
                0x00000000      0x5f5
 *(.debug_pubnames)
 .debug_pubnames
                0x00000000      0x2cb main.o
 .debug_pubnames
                0x000002cb       0x39 partition.o
 .debug_pubnames
                0x00000304       0xc1 sd_raw.o
 .debug_pubnames
                0x000003c5      0x17a fat.o
 .debug_pubnames
                0x0000053f       0xb6 uart.o

.debug_info     0x00000000     0x48c8
 *(.debug_info)
 .debug_info    0x00000000     0x2271 main.o
 .debug_info    0x00002271       0x5e byteordering.o
 .debug_info    0x000022cf      0x331 partition.o
 .debug_info    0x00002600      0x8d7 sd_raw.o
 .debug_info    0x00002ed7     0x16db fat.o
 .debug_info    0x000045b2      0x316 uart.o
 *(.gnu.linkonce.wi.*)

.debug_abbrev   0x00000000      0xa65
 *(.debug_abbrev)
 .debug_abbrev  0x00000000      0x2e8 main.o
 .debug_abbrev  0x000002e8       0x2a byteordering.o
 .debug_abbrev  0x00000312       0xec partition.o
 .debug_abbrev  0x000003fe      0x288 sd_raw.o
 .debug_abbrev  0x00000686      0x2dc fat.o
 .debug_abbrev  0x00000962      0x103 uart.o

.debug_line     0x00000000     0x3652
 *(.debug_line)
 .debug_line    0x00000000     0x1787 main.o
 .debug_line    0x00001787       0x3e byteordering.o
 .debug_line    0x000017c5      0x154 partition.o
 .debug_line    0x00001919      0x946 sd_raw.o
 .debug_line    0x0000225f     0x10e7 fat.o
 .debug_line    0x00003346      0x30c uart.o

.debug_frame    0x00000000      0x570
 *(.debug_frame)
 .debug_frame   0x00000000      0x210 main.o
 .debug_frame   0x00000210       0x30 partition.o
 .debug_frame   0x00000240       0xb0 sd_raw.o
 .debug_frame   0x000002f0      0x1d0 fat.o
 .debug_frame   0x000004c0       0xb0 uart.o

.debug_str      0x00000000      0xf68
 *(.debug_str)
 .debug_str     0x00000000      0x6dd main.o
                                0x7b8 (size before relaxing)
 .debug_str     0x000006dd        0xf byteordering.o
                                 0xa9 (size before relaxing)
 .debug_str     0x000006ec       0x4b partition.o
                                0x213 (size before relaxing)
 .debug_str     0x00000737      0x1b2 sd_raw.o
                                0x364 (size before relaxing)
 .debug_str     0x000008e9      0x5cf fat.o
                                0x88a (size before relaxing)
 .debug_str     0x00000eb8       0xb0 uart.o
                                0x18b (size before relaxing)

.debug_loc      0x00000000     0x4422
 *(.debug_loc)
 .debug_loc     0x00000000     0x13a9 main.o
 .debug_loc     0x000013a9      0x1da partition.o
 .debug_loc     0x00001583      0xb55 sd_raw.o
 .debug_loc     0x000020d8     0x1f7c fat.o
 .debug_loc     0x00004054      0x3ce uart.o

.debug_macinfo
 *(.debug_macinfo)
OUTPUT(main.elf elf32-avr)
LOAD linker stubs

.debug_ranges   0x00000000      0x278
 .debug_ranges  0x00000000       0xb8 main.o
 .debug_ranges  0x000000b8       0xc0 sd_raw.o
 .debug_ranges  0x00000178       0xd0 fat.o
 .debug_ranges  0x00000248       0x30 uart.o

Cross Reference Table

Symbol                                            File
EEPROM_read                                       main.o
EEPROM_write                                      main.o
__bad_interrupt                                   /usr/lib/gcc/avr/4.3.5/../../../avr/lib/avr5/crtm328p.o
__bss_end                                         /usr/lib/gcc/avr/4.3.5/avr5/libgcc.a(_clear_bss.o)
__bss_start                                       /usr/lib/gcc/avr/4.3.5/avr5/libgcc.a(_clear_bss.o)
__data_end                                        /usr/lib/gcc/avr/4.3.5/avr5/libgcc.a(_copy_data.o)
__data_load_start                                 /usr/lib/gcc/avr/4.3.5/avr5/libgcc.a(_copy_data.o)
__data_start                                      /usr/lib/gcc/avr/4.3.5/avr5/libgcc.a(_copy_data.o)
__divmodhi4                                       /usr/lib/gcc/avr/4.3.5/avr5/libgcc.a(_divmodhi4.o)
                                                  fat.o
__do_clear_bss                                    /usr/lib/gcc/avr/4.3.5/avr5/libgcc.a(_clear_bss.o)
                                                  fat.o
                                                  sd_raw.o
                                                  partition.o
                                                  main.o
__do_copy_data                                    /usr/lib/gcc/avr/4.3.5/avr5/libgcc.a(_copy_data.o)
                                                  fat.o
                                                  main.o
__epilogue_restores__                             /usr/lib/gcc/avr/4.3.5/avr5/libgcc.a(_epilogue.o)
                                                  /usr/lib/gcc/avr/4.3.5/../../../avr/lib/avr5/libc.a(vfprintf_std.o)
                                                  /usr/lib/gcc/avr/4.3.5/../../../avr/lib/avr5/libc.a(sprintf.o)
__heap_end                                        /usr/lib/gcc/avr/4.3.5/../../../avr/lib/avr5/crtm328p.o
__init                                            /usr/lib/gcc/avr/4.3.5/../../../avr/lib/avr5/crtm328p.o
__mulhi_const_10                                  /usr/lib/gcc/avr/4.3.5/../../../avr/lib/avr5/libc.a(mul10.o)
                                                  /usr/lib/gcc/avr/4.3.5/../../../avr/lib/avr5/libc.a(atoi.o)
__mulsi3                                          /usr/lib/gcc/avr/4.3.5/avr5/libgcc.a(_mulsi3.o)
                                                  uart.o
                                                  fat.o
                                                  main.o
__prologue_saves__                                /usr/lib/gcc/avr/4.3.5/avr5/libgcc.a(_prologue.o)
                                                  /usr/lib/gcc/avr/4.3.5/../../../avr/lib/avr5/libc.a(vfprintf_std.o)
                                                  /usr/lib/gcc/avr/4.3.5/../../../avr/lib/avr5/libc.a(sprintf.o)
__stack                                           /usr/lib/gcc/avr/4.3.5/../../../avr/lib/avr5/crtm328p.o
__udivmodhi4                                      /usr/lib/gcc/avr/4.3.5/avr5/libgcc.a(_udivmodhi4.o)
                                                  /usr/lib/gcc/avr/4.3.5/avr5/libgcc.a(_divmodhi4.o)
                                                  uart.o
                                                  fat.o
__udivmodsi4                                      /usr/lib/gcc/avr/4.3.5/avr5/libgcc.a(_udivmodsi4.o)
                                                  uart.o
                                                  fat.o
__ultoa_invert                                    /usr/lib/gcc/avr/4.3.5/../../../avr/lib/avr5/libc.a(ultoa_invert.o)
                                                  /usr/lib/gcc/avr/4.3.5/../../../avr/lib/avr5/libc.a(vfprintf_std.o)
__vector_1                                        /usr/lib/gcc/avr/4.3.5/../../../avr/lib/avr5/crtm328p.o
__vector_10                                       /usr/lib/gcc/avr/4.3.5/../../../avr/lib/avr5/crtm328p.o
__vector_11                                       /usr/lib/gcc/avr/4.3.5/../../../avr/lib/avr5/crtm328p.o
__vector_12                                       /usr/lib/gcc/avr/4.3.5/../../../avr/lib/avr5/crtm328p.o
__vector_13                                       /usr/lib/gcc/avr/4.3.5/../../../avr/lib/avr5/crtm328p.o
__vector_14                                       /usr/lib/gcc/avr/4.3.5/../../../avr/lib/avr5/crtm328p.o
__vector_15                                       /usr/lib/gcc/avr/4.3.5/../../../avr/lib/avr5/crtm328p.o
__vector_16                                       /usr/lib/gcc/avr/4.3.5/../../../avr/lib/avr5/crtm328p.o
__vector_17                                       /usr/lib/gcc/avr/4.3.5/../../../avr/lib/avr5/crtm328p.o
__vector_18                                       main.o
                                                  /usr/lib/gcc/avr/4.3.5/../../../avr/lib/avr5/crtm328p.o
__vector_19                                       /usr/lib/gcc/avr/4.3.5/../../../avr/lib/avr5/crtm328p.o
__vector_2                                        /usr/lib/gcc/avr/4.3.5/../../../avr/lib/avr5/crtm328p.o
__vector_20                                       /usr/lib/gcc/avr/4.3.5/../../../avr/lib/avr5/crtm328p.o
__vector_21                                       /usr/lib/gcc/avr/4.3.5/../../../avr/lib/avr5/crtm328p.o
__vector_22                                       /usr/lib/gcc/avr/4.3.5/../../../avr/lib/avr5/crtm328p.o
__vector_23                                       /usr/lib/gcc/avr/4.3.5/../../../avr/lib/avr5/crtm328p.o
__vector_24                                       /usr/lib/gcc/avr/4.3.5/../../../avr/lib/avr5/crtm328p.o
__vector_25                                       /usr/lib/gcc/avr/4.3.5/../../../avr/lib/avr5/crtm328p.o
__vector_3                                        /usr/lib/gcc/avr/4.3.5/../../../avr/lib/avr5/crtm328p.o
__vector_4                                        /usr/lib/gcc/avr/4.3.5/../../../avr/lib/avr5/crtm328p.o
__vector_5                                        /usr/lib/gcc/avr/4.3.5/../../../avr/lib/avr5/crtm328p.o
__vector_6                                        /usr/lib/gcc/avr/4.3.5/../../../avr/lib/avr5/crtm328p.o
__vector_7                                        /usr/lib/gcc/avr/4.3.5/../../../avr/lib/avr5/crtm328p.o
__vector_8                                        /usr/lib/gcc/avr/4.3.5/../../../avr/lib/avr5/crtm328p.o
__vector_9                                        /usr/lib/gcc/avr/4.3.5/../../../avr/lib/avr5/crtm328p.o
__vector_default                                  /usr/lib/gcc/avr/4.3.5/../../../avr/lib/avr5/crtm328p.o
__vectors                                         /usr/lib/gcc/avr/4.3.5/../../../avr/lib/avr5/crtm328p.o
_div                                              /usr/lib/gcc/avr/4.3.5/avr5/libgcc.a(_divmodhi4.o)
_exit                                             /usr/lib/gcc/avr/4.3.5/avr5/libgcc.a(_exit.o)
add_cmd_arg                                       main.o
append_file                                       main.o
atoi                                              /usr/lib/gcc/avr/4.3.5/../../../avr/lib/avr5/libc.a(atoi.o)
                                                  main.o
baud_menu                                         main.o
blink_error                                       main.o
check_emergency_reset                             main.o
checked_spot                                      main.o
command_shell                                     main.o
count_cmd_args                                    main.o
dd                                                main.o
delay_ms                                          main.o
delay_us                                          main.o
exit                                              /usr/lib/gcc/avr/4.3.5/avr5/libgcc.a(_exit.o)
                                                  /usr/lib/gcc/avr/4.3.5/../../../avr/lib/avr5/crtm328p.o
fat_clear_handles                                 fat.o
                                                  main.o
fat_close                                         fat.o
                                                  main.o
fat_close_dir                                     fat.o
                                                  main.o
fat_close_file                                    fat.o
                                                  main.o
fat_create_dir                                    fat.o
                                                  main.o
fat_create_file                                   fat.o
                                                  main.o
fat_delete_file                                   fat.o
                                                  main.o
fat_get_dir_entry_of_path                         fat.o
                                                  main.o
fat_get_fs_free                                   fat.o
                                                  main.o
fat_get_fs_size                                   fat.o
                                                  main.o
fat_open                                          fat.o
                                                  main.o
fat_open_dir                                      fat.o
                                                  main.o
fat_open_file                                     fat.o
                                                  main.o
fat_read_dir                                      fat.o
                                                  main.o
fat_read_file                                     fat.o
                                                  main.o
fat_reset_dir                                     fat.o
                                                  main.o
fat_resize_file                                   fat.o
fat_seek_file                                     fat.o
                                                  main.o
fat_write_file                                    fat.o
                                                  main.o
fputc                                             /usr/lib/gcc/avr/4.3.5/../../../avr/lib/avr5/libc.a(fputc.o)
                                                  /usr/lib/gcc/avr/4.3.5/../../../avr/lib/avr5/libc.a(vfprintf_std.o)
fs                                                main.o
general_buffer                                    main.o
get_cmd_arg                                       main.o
init_media                                        main.o
input_buffer                                      uart.o
                                                  main.o
ioinit                                            main.o
is_number                                         main.o
main                                              main.o
                                                  /usr/lib/gcc/avr/4.3.5/../../../avr/lib/avr5/crtm328p.o
memcpy                                            /usr/lib/gcc/avr/4.3.5/../../../avr/lib/avr5/libc.a(memcpy.o)
                                                  fat.o
                                                  sd_raw.o
memset                                            /usr/lib/gcc/avr/4.3.5/../../../avr/lib/avr5/libc.a(memset.o)
                                                  fat.o
                                                  main.o
newlog                                            main.o
partition                                         main.o
partition_close                                   partition.o
                                                  main.o
partition_open                                    partition.o
                                                  main.o
print_menu                                        main.o
read_buffer                                       main.o
read_config_file                                  main.o
read_spot                                         uart.o
                                                  main.o
read_system_settings                              main.o
record_config_file                                main.o
sd_raw_available                                  sd_raw.o
sd_raw_get_info                                   sd_raw.o
                                                  main.o
sd_raw_init                                       sd_raw.o
                                                  main.o
sd_raw_locked                                     sd_raw.o
sd_raw_read                                       sd_raw.o
                                                  main.o
sd_raw_read_interval                              sd_raw.o
                                                  main.o
sd_raw_sync                                       sd_raw.o
                                                  main.o
sd_raw_write                                      sd_raw.o
                                                  main.o
sd_raw_write_interval                             sd_raw.o
                                                  main.o
seqlog                                            main.o
set_default_settings                              main.o
setting_escape_character                          main.o
setting_max_escape_character                      main.o
setting_system_mode                               main.o
setting_uart_speed                                main.o
split_cmd_line_args                               main.o
sprintf                                           /usr/lib/gcc/avr/4.3.5/../../../avr/lib/avr5/libc.a(sprintf.o)
                                                  main.o
strcat                                            /usr/lib/gcc/avr/4.3.5/../../../avr/lib/avr5/libc.a(strcat.o)
                                                  main.o
strchr                                            /usr/lib/gcc/avr/4.3.5/../../../avr/lib/avr5/libc.a(strchr.o)
                                                  fat.o
strcmp                                            /usr/lib/gcc/avr/4.3.5/../../../avr/lib/avr5/libc.a(strcmp.o)
                                                  fat.o
                                                  main.o
strcmp_P                                          /usr/lib/gcc/avr/4.3.5/../../../avr/lib/avr5/libc.a(strcmp_P.o)
                                                  main.o
strcpy                                            /usr/lib/gcc/avr/4.3.5/../../../avr/lib/avr5/libc.a(strcpy.o)
                                                  main.o
strncmp                                           /usr/lib/gcc/avr/4.3.5/../../../avr/lib/avr5/libc.a(strncmp.o)
                                                  fat.o
strncmp_P                                         /usr/lib/gcc/avr/4.3.5/../../../avr/lib/avr5/libc.a(strncmp_P.o)
                                                  main.o
strncpy                                           /usr/lib/gcc/avr/4.3.5/../../../avr/lib/avr5/libc.a(strncpy.o)
                                                  fat.o
                                                  main.o
strnlen                                           /usr/lib/gcc/avr/4.3.5/../../../avr/lib/avr5/libc.a(strnlen.o)
                                                  /usr/lib/gcc/avr/4.3.5/../../../avr/lib/avr5/libc.a(vfprintf_std.o)
strnlen_P                                         /usr/lib/gcc/avr/4.3.5/../../../avr/lib/avr5/libc.a(strnlen_P.o)
                                                  /usr/lib/gcc/avr/4.3.5/../../../avr/lib/avr5/libc.a(vfprintf_std.o)
strrchr                                           /usr/lib/gcc/avr/4.3.5/../../../avr/lib/avr5/libc.a(strrchr.o)
                                                  fat.o
system_menu                                       main.o
too_many_arguments_error                          main.o
uart_getc                                         uart.o
                                                  main.o
uart_init                                         uart.o
                                                  main.o
uart_putc                                         uart.o
                                                  main.o
uart_putc_hex                                     uart.o
                                                  main.o
uart_putdw_dec                                    uart.o
                                                  main.o
uart_putdw_hex                                    uart.o
                                                  main.o
uart_puts                                         uart.o
                                                  main.o
uart_puts_p                                       uart.o
                                                  main.o
uart_putw_dec                                     uart.o
                                                  main.o
uart_putw_hex                                     uart.o
vfprintf                                          /usr/lib/gcc/avr/4.3.5/../../../avr/lib/avr5/libc.a(vfprintf_std.o)
                                                  /usr/lib/gcc/avr/4.3.5/../../../avr/lib/avr5/libc.a(sprintf.o)
wildcmp                                           main.o
